// Jest Snapshot v1, https://goo.gl/fbAQLP

exports[`AppComponent AppComponent should match snapshot. 1`] = `
<div
  className="tm-app-component"
>
  <div
    className="tm-map"
    role="menu"
    tabIndex={0}
  />
</div>
`;
