// Jest Snapshot v1, https://goo.gl/fbAQLP

exports[`Root Root should match snapshot. 1`] = `
<div
  className="tm-root"
>
  <div
    className="tm-map"
    role="menu"
    tabIndex={0}
  />
</div>
`;
