// Jest Snapshot v1, https://goo.gl/fbAQLP

exports[`App App should match snapshot. 1`] = `
<div
  className="app"
>
  <div
    className="tm-app-component"
  >
    <div
      className="tm-map"
      role="menu"
      tabIndex={0}
    />
  </div>
</div>
`;
